wwwwwwwwwwwwwwwwwwwwwwwwwwwwwwww
w...........................k..w
w.......................wswwww.w
w....wwsww...............s.....w
w...w.......s...............wwww
wo.....s..m................s...w
wwwwwswwwwwws.ww...........s...w
w....s......s..............s...w
w....s......s..............s...w
w....s..s..wwsww.wwwsww..wwwww.w
w....s..s....s......s..........w
w....s..ss..ms......s..........w
w........swwwwwwsww.www........w
w.s......s......s..............w
w.s......s......s..............w
w.s.......w.....s..............w
w.s......w......s..............w
w.s.m...w......................w
w.swwwwwwwwsw.w.w..w.wwww.wwwwww
w.s........s..................sw
w.s...m.....s...w...w.w.www.wwsw
w.sw.wwwwwwwww.....w..........sw
ww............................sw
www...............wwww.........w
wwww..............m....w..wwwwsw
wwwww.........wwwswwwwww......sw
wwwwww...........s............sw
wwwwwww..........s............sw
wwwwwwww.........s............sw
wwww...........................w
wwwwwwwwww.......s...ww..w....iw
www............................w
wwwwwwwwwwwwwwwwwwwwwwwwwwwwwww.