wwwwwwwwwwwwwwwwwwwwwwwwwwwwwwww
w...........................k..w
w.......................wswwww.w
w....wwsww...............s.....w
w...w.......s...............wwww
wo.....s..m................s...w
wwwwwswwwwwws.ww...........s...w
w....s......s..............s...w
w....s......s..............s...w
w....s..s..wwsw..wwwsww..wwwww.w
w....s..s....s......s..........w
w....s..ss..ms......s..........w
w....s....wwwwwwsww.www........w
w.s..s..........s..............w
w.s..s..........s..............w
w.s......swww...s..............w
w.s......s......s..............w
w.s.m....s.....................w
w.swwwwwwwwsw..ww..ww..wwswwwwww
w.s........s.............s....sw
w.s...m....s....www...w.www.wwsw
w.sw.wwwwwwwww.......w........sw
ww..................w.........sw
www...............wwww.........w
wwww..............m....w..wwwwsw
wwwww....wwwwwwwwswwwwww......sw
wwwwww...........s............sw
wwwwwww..........s............sw
wwwwwwww.........s............sw
wwww.............s.............w
wwwwwwwwww.......s...ww..w.....w
www..............s............iw
wwwwwwwwwwwwwwwwwwwwwwwwwwwwwwww