wwwwwwwwwwwwwwwwwwwwwwwwwwwwwww
w..........................k..w
w......................wswwww.w
w....wwsww..............s.....w
w......s................s...m.w
w......s...............wwwsww.w
wo.....s..m...............s...w
wwwwwswwwwwwsww...........s...w
w....s......s.............s...w
w....s......s.............s...w
w....s..s..wwswwwwwsww.wwwwww.w
w....s..s....s.....s..........w
w....s..ss..ms.....s..........w
w........swwwwwwswwwww........w
w.s......s......s.............w
w.s......s......s.............w
w.s.......w.....s.............w
w.s......w......s.............w
w.s.m...w................gggg.w
w.swwwwwwwwsw.w.w..w.wwwwwwwwww
w.s........s..............l..sw
w.s..m.....s....w...w.w.wwwwwsw
w.swwwwwwwwww.....w..........sw
ww...........................sw
www..............wwww.........w
wwww.........g...m....w..wwwwsw
wwwww........wwwswwwwww......sw
wwwwww..........s............sw
wwwwwww.........s............sw
wwwwwwww........s............sw
wwwwwwwww.......s...w.........w
wwwwwwwwww......s...ww..w....iw
wwwwwwwwwwwwwwwwwwwwwwwwwwwwwww