wwwwwwwwwwwwwwwwwwwwwwwwwwwwwwwwwwww
w..................................w
w................o.................w
w................w.................w
w...............www................w
w.............swwwwws..............w
w...............www................w
w..............wwwww...............w
w.............wwwwwww..............w
w...........swwwwwwwwws............w
w.............wwwwwww..............w
w............wwwwwwwww.............w
w...........wwwwwwwwwww............w
w..........wwwwwwwwwwwww...........w
w........swwwwwwwwwwwwwwws.........w
w.................wwwwww...........w
w.........wwwwwwwswwwwwww..........w
w........wwwwwwww.wwwwwwww.........w
w.......wwwwwwwwwkwwwwwwwww.....wwww
w......wwwwwwwwwwwwwwwwwwwww....wwww
w....swwwwwwwwwwwwwwwwwwwwwwws..wwww
w....s.........wwwwww..........swwww
w....s.........wwwwww........s..wwww
w....s.........wwwwww......s.......w
w....s.........wwwwww....s.........w
w....s.........wwwwww..s...........w
w....s.........wwwwwws............iw
w....s.........wwwwww..............w
wmmmmsmmmmmmmmmwwwwww..............w
wwwwwwwwwwwwwwwwwwwwwwwwwwwwwwwwwwww