wwwwwwwwwwwwwwwwwwwwwwwwwwwwwww
w.............................w
w.............................w
w.............................w
w.............................w
w.............................w
w.............................w
w.............................w
w.............................w
w.............................w
w.............................w
w.............................w
w.............................w
w.............................w
w.............................w
w.............................w
w.............................w
w.............................w
w.............................w
w.............................w
w.............................w
w.............................w
w.............................w
w.............................w
w.............................w
w........................s....w
w........................s....w
w......................m..s...w
w.................o..wwwww....w
w.................wwww....s.s.w
w.................w.........s.w
w.................wm....k....iw
wwwwwwwwwwwwwwwwwwwwwwwwwwwwwww