wwwwwwwwwwwwwwwwwwwwwwwwwwwwwwwwwwww
w..................................w
w................o.................w
w................w.................w
w...............www................w
w.............swwwwws..............w
w...............www................w
w..............wwwww...............w
w.............wwwwwww..............w
w...........swwwwwwwwws............w
w.............wwwwwww..............w
w............wwwwwwwww.............w
w...........wwwwwwwwwww............w
w..........w.....wwwwwww...........w
w........sw.......wwwwwwws.........w
w............s....wwwwww...........w
w.........ww..w.wswwwwwww..........w
w........www..w.wswwwwwwww.........w
w.......wwww.mwmwswwwwwwwww.....wwww
w......wwwwwwwwws.wwwwwwwwww....wwww
w....swwwwwwwwwwswwwwwwwwwwwws..wwww
w....s.........wswwww..........swwww
w....s.........wswwww........s..wwww
w....s.........w....w......s.......w
w....s.........wm..sw....s.........w
w....s.........wwww.w..s...........w
w....s.........ws...ws.............w
w....s.........w.wwww..............w
wmmmmsmmmmmmmmmw...kw.............iw
wwwwwwwwwwwwwwwwwwwwwwwwwwwwwwwwwwww